// Jest Snapshot v1, https://goo.gl/fbAQLP

exports[`SignIn component 1`] = `
<main
  className="MuiContainer-root MuiContainer-maxWidthXs"
>
  <div
    className="makeStyles-paper-1"
  >
    <div
      className="MuiFormControl-root MuiTextField-root MuiFormControl-marginNormal MuiFormControl-fullWidth"
    >
      <label
        className="MuiFormLabel-root MuiInputLabel-root MuiInputLabel-formControl MuiInputLabel-animated MuiInputLabel-outlined Mui-required Mui-required"
        data-shrink={false}
        htmlFor="search"
        id="search-label"
      >
        Search
        <span
          className="MuiFormLabel-asterisk MuiInputLabel-asterisk"
        >
          â€‰
          *
        </span>
      </label>
      <div
        className="MuiInputBase-root MuiOutlinedInput-root MuiInputBase-fullWidth MuiInputBase-formControl"
        onClick={[Function]}
      >
        <input
          aria-invalid={false}
          autoComplete="search"
          autoFocus={true}
          className="MuiInputBase-input MuiOutlinedInput-input"
          disabled={false}
          id="search"
          name="search"
          onAnimationStart={[Function]}
          onBlur={[Function]}
          onChange={[Function]}
          onFocus={[Function]}
          required={true}
          type="text"
          value=""
        />
        <fieldset
          aria-hidden={true}
          className="PrivateNotchedOutline-root-69 MuiOutlinedInput-notchedOutline"
          style={
            Object {
              "paddingLeft": 8,
            }
          }
        >
          <legend
            className="PrivateNotchedOutline-legend-70"
            style={
              Object {
                "width": 0.01,
              }
            }
          >
            <span
              dangerouslySetInnerHTML={
                Object {
                  "__html": "&#8203;",
                }
              }
            />
          </legend>
        </fieldset>
      </div>
    </div>
    <div
      className="MuiCircularProgress-root MuiCircularProgress-colorPrimary MuiCircularProgress-indeterminate"
      role="progressbar"
      style={
        Object {
          "height": 40,
          "width": 40,
        }
      }
    >
      <svg
        className="MuiCircularProgress-svg"
        viewBox="22 22 44 44"
      >
        <circle
          className="MuiCircularProgress-circle MuiCircularProgress-circleIndeterminate"
          cx={44}
          cy={44}
          fill="none"
          r={20.2}
          strokeWidth={3.6}
          style={Object {}}
        />
      </svg>
    </div>
  </div>
</main>
`;
